<?xml version="1.0" encoding="UTF-8"?>
<TestRun id="f5ca65b4-509c-4885-97df-1ac7c3dfa236" name="admin@OKEEMAN 2012-11-28 16:15:33" runUser="okeeman\admin" xmlns="http://microsoft.com/schemas/VisualStudio/TeamTest/2010">
  <TestSettings name="Default Test Settings" id="0eb08718-57cb-48ff-9363-2e368532580c">
    <Deployment runDeploymentRoot="admin_OKEEMAN 2012-11-28 16_15_33">
      <DeploymentItem filename="F:\Semester 2\EAD\Mini-project\HouseRepairMVC\HouseRepairMVC\bin\HouseRepairMVC.dll" />
    </Deployment>
    <Execution>
      <TestTypeSpecific />
      <AgentRule name="Execution Agents">
      </AgentRule>
    </Execution>
  </TestSettings>
  <Times creation="2012-11-28T16:15:33.5963438+00:00" queuing="2012-11-28T16:15:38.5743729+00:00" start="2012-11-28T16:15:39.2543739+00:00" finish="2012-11-28T16:15:43.3590752+00:00" />
  <ResultSummary outcome="Failed">
    <Counters total="15" executed="15" passed="2" error="0" failed="13" timeout="0" aborted="0" inconclusive="0" passedButRunAborted="0" notRunnable="0" notExecuted="0" disconnected="0" warning="0" completed="0" inProgress="0" pending="0" />
  </ResultSummary>
  <TestDefinitions>
    <UnitTest name="TestCreateView" storage="f:\semester 2\ead\mini-project\houserepairmvc\houserepairmvc.tests\bin\debug\houserepairmvc.tests.dll" id="9706e323-489b-a697-5293-1b8b6234a76f">
      <Execution id="aeba180c-dd13-4607-831f-7c9b7ffee467" />
      <TestMethod codeBase="F:/Semester 2/EAD/Mini-project/HouseRepairMVC/HouseRepairMVC.Tests/bin/Debug/HouseRepairMVC.Tests.DLL" adapterTypeName="Microsoft.VisualStudio.TestTools.TestTypes.Unit.UnitTestAdapter, Microsoft.VisualStudio.QualityTools.Tips.UnitTest.Adapter, Version=10.0.0.0, Culture=neutral, PublicKeyToken=b03f5f7f11d50a3a" className="HousingConditionWebApp.Tests.Controllers.HouseConditionControllerIntegrationTests, HouseRepairMVC.Tests, Version=1.0.0.0, Culture=neutral, PublicKeyToken=null" name="TestCreateView" />
    </UnitTest>
    <UnitTest name="TestCreateActionHouseNotAddedToDatabaseIfModelInvalid" storage="f:\semester 2\ead\mini-project\houserepairmvc\houserepairmvc.tests\bin\debug\houserepairmvc.tests.dll" id="525d0a24-6b27-cde4-401e-f001b97e430f">
      <Execution id="8a05c6ec-6a16-4b9a-9dc9-9f359a9b87d8" />
      <TestMethod codeBase="F:/Semester 2/EAD/Mini-project/HouseRepairMVC/HouseRepairMVC.Tests/bin/Debug/HouseRepairMVC.Tests.DLL" adapterTypeName="Microsoft.VisualStudio.TestTools.TestTypes.Unit.UnitTestAdapter, Microsoft.VisualStudio.QualityTools.Tips.UnitTest.Adapter, Version=10.0.0.0, Culture=neutral, PublicKeyToken=b03f5f7f11d50a3a" className="HousingConditionWebApp.Tests.Controllers.HouseConditionControllerIntegrationTests, HouseRepairMVC.Tests, Version=1.0.0.0, Culture=neutral, PublicKeyToken=null" name="TestCreateActionHouseNotAddedToDatabaseIfModelInvalid" />
    </UnitTest>
    <UnitTest name="TestCreateRedisplayCreateViewIfModelInvalid" storage="f:\semester 2\ead\mini-project\houserepairmvc\houserepairmvc.tests\bin\debug\houserepairmvc.tests.dll" id="7005a48f-ca60-479e-5506-282d1a5cf1a3">
      <Execution id="c83b4ab5-de55-4a23-8879-e0812082b447" />
      <TestMethod codeBase="F:/Semester 2/EAD/Mini-project/HouseRepairMVC/HouseRepairMVC.Tests/bin/Debug/HouseRepairMVC.Tests.DLL" adapterTypeName="Microsoft.VisualStudio.TestTools.TestTypes.Unit.UnitTestAdapter, Microsoft.VisualStudio.QualityTools.Tips.UnitTest.Adapter, Version=10.0.0.0, Culture=neutral, PublicKeyToken=b03f5f7f11d50a3a" className="HousingConditionWebApp.Tests.Controllers.HouseConditionControllerIntegrationTests, HouseRepairMVC.Tests, Version=1.0.0.0, Culture=neutral, PublicKeyToken=null" name="TestCreateRedisplayCreateViewIfModelInvalid" />
    </UnitTest>
    <UnitTest name="TestDetailsView" storage="f:\semester 2\ead\mini-project\houserepairmvc\houserepairmvc.tests\bin\debug\houserepairmvc.tests.dll" id="61bef084-54dd-e5c5-b4da-4789e5b86ab2">
      <Execution id="3ccad33d-bc29-45a0-bf80-c21b36ed61c2" />
      <TestMethod codeBase="F:/Semester 2/EAD/Mini-project/HouseRepairMVC/HouseRepairMVC.Tests/bin/Debug/HouseRepairMVC.Tests.DLL" adapterTypeName="Microsoft.VisualStudio.TestTools.TestTypes.Unit.UnitTestAdapter, Microsoft.VisualStudio.QualityTools.Tips.UnitTest.Adapter, Version=10.0.0.0, Culture=neutral, PublicKeyToken=b03f5f7f11d50a3a" className="HousingConditionWebApp.Tests.Controllers.HouseConditionControllerIntegrationTests, HouseRepairMVC.Tests, Version=1.0.0.0, Culture=neutral, PublicKeyToken=null" name="TestDetailsView" />
    </UnitTest>
    <UnitTest name="TestDeleteView" storage="f:\semester 2\ead\mini-project\houserepairmvc\houserepairmvc.tests\bin\debug\houserepairmvc.tests.dll" id="00dfd0e0-354b-e297-560f-546a1240c4d0">
      <Execution id="11c85e0e-ba6a-4e75-80e9-4096e841a791" />
      <TestMethod codeBase="F:/Semester 2/EAD/Mini-project/HouseRepairMVC/HouseRepairMVC.Tests/bin/Debug/HouseRepairMVC.Tests.DLL" adapterTypeName="Microsoft.VisualStudio.TestTools.TestTypes.Unit.UnitTestAdapter, Microsoft.VisualStudio.QualityTools.Tips.UnitTest.Adapter, Version=10.0.0.0, Culture=neutral, PublicKeyToken=b03f5f7f11d50a3a" className="HousingConditionWebApp.Tests.Controllers.HouseConditionControllerIntegrationTests, HouseRepairMVC.Tests, Version=1.0.0.0, Culture=neutral, PublicKeyToken=null" name="TestDeleteView" />
    </UnitTest>
    <UnitTest name="TestEditRedirectIfModelValid" storage="f:\semester 2\ead\mini-project\houserepairmvc\houserepairmvc.tests\bin\debug\houserepairmvc.tests.dll" id="59ac7a05-2442-7fbe-5012-acbcff61455e">
      <Execution id="38f86acd-0ada-49b3-bc5d-f0240ceb16d8" />
      <TestMethod codeBase="F:/Semester 2/EAD/Mini-project/HouseRepairMVC/HouseRepairMVC.Tests/bin/Debug/HouseRepairMVC.Tests.DLL" adapterTypeName="Microsoft.VisualStudio.TestTools.TestTypes.Unit.UnitTestAdapter, Microsoft.VisualStudio.QualityTools.Tips.UnitTest.Adapter, Version=10.0.0.0, Culture=neutral, PublicKeyToken=b03f5f7f11d50a3a" className="HousingConditionWebApp.Tests.Controllers.HouseConditionControllerIntegrationTests, HouseRepairMVC.Tests, Version=1.0.0.0, Culture=neutral, PublicKeyToken=null" name="TestEditRedirectIfModelValid" />
    </UnitTest>
    <UnitTest name="TestDeleteConfirmedRedirectsToIndexAction" storage="f:\semester 2\ead\mini-project\houserepairmvc\houserepairmvc.tests\bin\debug\houserepairmvc.tests.dll" id="e3e31ffa-6e09-f632-2d3d-1ab0176945b7">
      <Execution id="f2c2b24f-8fb8-4a38-802b-2afae37f4aca" />
      <TestMethod codeBase="F:/Semester 2/EAD/Mini-project/HouseRepairMVC/HouseRepairMVC.Tests/bin/Debug/HouseRepairMVC.Tests.DLL" adapterTypeName="Microsoft.VisualStudio.TestTools.TestTypes.Unit.UnitTestAdapter, Microsoft.VisualStudio.QualityTools.Tips.UnitTest.Adapter, Version=10.0.0.0, Culture=neutral, PublicKeyToken=b03f5f7f11d50a3a" className="HousingConditionWebApp.Tests.Controllers.HouseConditionControllerIntegrationTests, HouseRepairMVC.Tests, Version=1.0.0.0, Culture=neutral, PublicKeyToken=null" name="TestDeleteConfirmedRedirectsToIndexAction" />
    </UnitTest>
    <UnitTest name="TestEditRedisplayEditViewIfModelInvalid" storage="f:\semester 2\ead\mini-project\houserepairmvc\houserepairmvc.tests\bin\debug\houserepairmvc.tests.dll" id="b7d117f5-6a75-98d5-c203-1e45ce288705">
      <Execution id="a71d637b-9390-4a36-b636-5103b4c5d815" />
      <TestMethod codeBase="F:/Semester 2/EAD/Mini-project/HouseRepairMVC/HouseRepairMVC.Tests/bin/Debug/HouseRepairMVC.Tests.DLL" adapterTypeName="Microsoft.VisualStudio.TestTools.TestTypes.Unit.UnitTestAdapter, Microsoft.VisualStudio.QualityTools.Tips.UnitTest.Adapter, Version=10.0.0.0, Culture=neutral, PublicKeyToken=b03f5f7f11d50a3a" className="HousingConditionWebApp.Tests.Controllers.HouseConditionControllerIntegrationTests, HouseRepairMVC.Tests, Version=1.0.0.0, Culture=neutral, PublicKeyToken=null" name="TestEditRedisplayEditViewIfModelInvalid" />
    </UnitTest>
    <UnitTest name="Index" storage="f:\semester 2\ead\mini-project\houserepairmvc\houserepairmvc.tests\bin\debug\houserepairmvc.tests.dll" id="6829e5cc-1fc8-e53d-80b6-0f40a3e97825">
      <Execution id="a457ab9a-fa2c-4344-ae72-f01083ffd64a" />
      <TestMethod codeBase="F:/Semester 2/EAD/Mini-project/HouseRepairMVC/HouseRepairMVC.Tests/bin/Debug/HouseRepairMVC.Tests.DLL" adapterTypeName="Microsoft.VisualStudio.TestTools.TestTypes.Unit.UnitTestAdapter, Microsoft.VisualStudio.QualityTools.Tips.UnitTest.Adapter, Version=10.0.0.0, Culture=neutral, PublicKeyToken=b03f5f7f11d50a3a" className="HouseRepairMVC.Tests.Controllers.HomeControllerTest, HouseRepairMVC.Tests, Version=1.0.0.0, Culture=neutral, PublicKeyToken=null" name="Index" />
    </UnitTest>
    <UnitTest name="About" storage="f:\semester 2\ead\mini-project\houserepairmvc\houserepairmvc.tests\bin\debug\houserepairmvc.tests.dll" id="9c5968b1-dbee-0b3e-d0c2-b88492dd3d9c">
      <Execution id="a628f1c2-dc0b-49ed-b38d-b22abb1f432d" />
      <TestMethod codeBase="F:/Semester 2/EAD/Mini-project/HouseRepairMVC/HouseRepairMVC.Tests/bin/Debug/HouseRepairMVC.Tests.DLL" adapterTypeName="Microsoft.VisualStudio.TestTools.TestTypes.Unit.UnitTestAdapter, Microsoft.VisualStudio.QualityTools.Tips.UnitTest.Adapter, Version=10.0.0.0, Culture=neutral, PublicKeyToken=b03f5f7f11d50a3a" className="HouseRepairMVC.Tests.Controllers.HomeControllerTest, HouseRepairMVC.Tests, Version=1.0.0.0, Culture=neutral, PublicKeyToken=null" name="About" />
    </UnitTest>
    <UnitTest name="TestDeleteConfirmedRemovesHouseFromDatabase" storage="f:\semester 2\ead\mini-project\houserepairmvc\houserepairmvc.tests\bin\debug\houserepairmvc.tests.dll" id="c89b9308-d87e-d07d-d493-74738d7224c2">
      <Execution id="1f77693b-cb26-4641-b8b3-51c8ddd057c5" />
      <TestMethod codeBase="F:/Semester 2/EAD/Mini-project/HouseRepairMVC/HouseRepairMVC.Tests/bin/Debug/HouseRepairMVC.Tests.DLL" adapterTypeName="Microsoft.VisualStudio.TestTools.TestTypes.Unit.UnitTestAdapter, Microsoft.VisualStudio.QualityTools.Tips.UnitTest.Adapter, Version=10.0.0.0, Culture=neutral, PublicKeyToken=b03f5f7f11d50a3a" className="HousingConditionWebApp.Tests.Controllers.HouseConditionControllerIntegrationTests, HouseRepairMVC.Tests, Version=1.0.0.0, Culture=neutral, PublicKeyToken=null" name="TestDeleteConfirmedRemovesHouseFromDatabase" />
    </UnitTest>
    <UnitTest name="TestDetailsReturnCorrectData" storage="f:\semester 2\ead\mini-project\houserepairmvc\houserepairmvc.tests\bin\debug\houserepairmvc.tests.dll" id="35077c8a-b1f3-383d-b590-44b9fc778c99">
      <Execution id="f5562e83-908d-491d-ae6b-c30e9b90304e" />
      <TestMethod codeBase="F:/Semester 2/EAD/Mini-project/HouseRepairMVC/HouseRepairMVC.Tests/bin/Debug/HouseRepairMVC.Tests.DLL" adapterTypeName="Microsoft.VisualStudio.TestTools.TestTypes.Unit.UnitTestAdapter, Microsoft.VisualStudio.QualityTools.Tips.UnitTest.Adapter, Version=10.0.0.0, Culture=neutral, PublicKeyToken=b03f5f7f11d50a3a" className="HousingConditionWebApp.Tests.Controllers.HouseConditionControllerIntegrationTests, HouseRepairMVC.Tests, Version=1.0.0.0, Culture=neutral, PublicKeyToken=null" name="TestDetailsReturnCorrectData" />
    </UnitTest>
    <UnitTest name="TestEditView" storage="f:\semester 2\ead\mini-project\houserepairmvc\houserepairmvc.tests\bin\debug\houserepairmvc.tests.dll" id="99ceb6e7-2973-6830-e048-779cae5c1bb9">
      <Execution id="717d9ec9-0c13-4da5-bc96-11dd047fb1b8" />
      <TestMethod codeBase="F:/Semester 2/EAD/Mini-project/HouseRepairMVC/HouseRepairMVC.Tests/bin/Debug/HouseRepairMVC.Tests.DLL" adapterTypeName="Microsoft.VisualStudio.TestTools.TestTypes.Unit.UnitTestAdapter, Microsoft.VisualStudio.QualityTools.Tips.UnitTest.Adapter, Version=10.0.0.0, Culture=neutral, PublicKeyToken=b03f5f7f11d50a3a" className="HousingConditionWebApp.Tests.Controllers.HouseConditionControllerIntegrationTests, HouseRepairMVC.Tests, Version=1.0.0.0, Culture=neutral, PublicKeyToken=null" name="TestEditView" />
    </UnitTest>
    <UnitTest name="TestCreateRedirectIfModelValid" storage="f:\semester 2\ead\mini-project\houserepairmvc\houserepairmvc.tests\bin\debug\houserepairmvc.tests.dll" id="eaae5798-aba6-bcd2-3dfe-87dd4d4d6bed">
      <Execution id="19996774-7ca4-4c7e-8cca-cb81bb1b9b1f" />
      <TestMethod codeBase="F:/Semester 2/EAD/Mini-project/HouseRepairMVC/HouseRepairMVC.Tests/bin/Debug/HouseRepairMVC.Tests.DLL" adapterTypeName="Microsoft.VisualStudio.TestTools.TestTypes.Unit.UnitTestAdapter, Microsoft.VisualStudio.QualityTools.Tips.UnitTest.Adapter, Version=10.0.0.0, Culture=neutral, PublicKeyToken=b03f5f7f11d50a3a" className="HousingConditionWebApp.Tests.Controllers.HouseConditionControllerIntegrationTests, HouseRepairMVC.Tests, Version=1.0.0.0, Culture=neutral, PublicKeyToken=null" name="TestCreateRedirectIfModelValid" />
    </UnitTest>
    <UnitTest name="TestIndexView" storage="f:\semester 2\ead\mini-project\houserepairmvc\houserepairmvc.tests\bin\debug\houserepairmvc.tests.dll" id="31acfdd5-7fe9-69eb-3e4a-cb4da9ac447f">
      <Execution id="4bb0c651-1413-48ac-ae20-217b737be474" />
      <TestMethod codeBase="F:/Semester 2/EAD/Mini-project/HouseRepairMVC/HouseRepairMVC.Tests/bin/Debug/HouseRepairMVC.Tests.DLL" adapterTypeName="Microsoft.VisualStudio.TestTools.TestTypes.Unit.UnitTestAdapter, Microsoft.VisualStudio.QualityTools.Tips.UnitTest.Adapter, Version=10.0.0.0, Culture=neutral, PublicKeyToken=b03f5f7f11d50a3a" className="HousingConditionWebApp.Tests.Controllers.HouseConditionControllerIntegrationTests, HouseRepairMVC.Tests, Version=1.0.0.0, Culture=neutral, PublicKeyToken=null" name="TestIndexView" />
    </UnitTest>
  </TestDefinitions>
  <TestLists>
    <TestList name="Results Not in a List" id="8c84fa94-04c1-424b-9868-57a2d4851a1d" />
    <TestList name="All Loaded Results" id="19431567-8539-422a-85d7-44ee4e166bda" />
  </TestLists>
  <TestEntries>
    <TestEntry testId="00dfd0e0-354b-e297-560f-546a1240c4d0" executionId="11c85e0e-ba6a-4e75-80e9-4096e841a791" testListId="8c84fa94-04c1-424b-9868-57a2d4851a1d" />
    <TestEntry testId="31acfdd5-7fe9-69eb-3e4a-cb4da9ac447f" executionId="4bb0c651-1413-48ac-ae20-217b737be474" testListId="8c84fa94-04c1-424b-9868-57a2d4851a1d" />
    <TestEntry testId="35077c8a-b1f3-383d-b590-44b9fc778c99" executionId="f5562e83-908d-491d-ae6b-c30e9b90304e" testListId="8c84fa94-04c1-424b-9868-57a2d4851a1d" />
    <TestEntry testId="525d0a24-6b27-cde4-401e-f001b97e430f" executionId="8a05c6ec-6a16-4b9a-9dc9-9f359a9b87d8" testListId="8c84fa94-04c1-424b-9868-57a2d4851a1d" />
    <TestEntry testId="59ac7a05-2442-7fbe-5012-acbcff61455e" executionId="38f86acd-0ada-49b3-bc5d-f0240ceb16d8" testListId="8c84fa94-04c1-424b-9868-57a2d4851a1d" />
    <TestEntry testId="61bef084-54dd-e5c5-b4da-4789e5b86ab2" executionId="3ccad33d-bc29-45a0-bf80-c21b36ed61c2" testListId="8c84fa94-04c1-424b-9868-57a2d4851a1d" />
    <TestEntry testId="6829e5cc-1fc8-e53d-80b6-0f40a3e97825" executionId="a457ab9a-fa2c-4344-ae72-f01083ffd64a" testListId="8c84fa94-04c1-424b-9868-57a2d4851a1d" />
    <TestEntry testId="7005a48f-ca60-479e-5506-282d1a5cf1a3" executionId="c83b4ab5-de55-4a23-8879-e0812082b447" testListId="8c84fa94-04c1-424b-9868-57a2d4851a1d" />
    <TestEntry testId="9706e323-489b-a697-5293-1b8b6234a76f" executionId="aeba180c-dd13-4607-831f-7c9b7ffee467" testListId="8c84fa94-04c1-424b-9868-57a2d4851a1d" />
    <TestEntry testId="99ceb6e7-2973-6830-e048-779cae5c1bb9" executionId="717d9ec9-0c13-4da5-bc96-11dd047fb1b8" testListId="8c84fa94-04c1-424b-9868-57a2d4851a1d" />
    <TestEntry testId="9c5968b1-dbee-0b3e-d0c2-b88492dd3d9c" executionId="a628f1c2-dc0b-49ed-b38d-b22abb1f432d" testListId="8c84fa94-04c1-424b-9868-57a2d4851a1d" />
    <TestEntry testId="b7d117f5-6a75-98d5-c203-1e45ce288705" executionId="a71d637b-9390-4a36-b636-5103b4c5d815" testListId="8c84fa94-04c1-424b-9868-57a2d4851a1d" />
    <TestEntry testId="c89b9308-d87e-d07d-d493-74738d7224c2" executionId="1f77693b-cb26-4641-b8b3-51c8ddd057c5" testListId="8c84fa94-04c1-424b-9868-57a2d4851a1d" />
    <TestEntry testId="e3e31ffa-6e09-f632-2d3d-1ab0176945b7" executionId="f2c2b24f-8fb8-4a38-802b-2afae37f4aca" testListId="8c84fa94-04c1-424b-9868-57a2d4851a1d" />
    <TestEntry testId="eaae5798-aba6-bcd2-3dfe-87dd4d4d6bed" executionId="19996774-7ca4-4c7e-8cca-cb81bb1b9b1f" testListId="8c84fa94-04c1-424b-9868-57a2d4851a1d" />
  </TestEntries>
  <Results>
    <UnitTestResult executionId="11c85e0e-ba6a-4e75-80e9-4096e841a791" testId="00dfd0e0-354b-e297-560f-546a1240c4d0" testName="TestDeleteView" computerName="OKEEMAN" duration="00:00:01.2262670" startTime="2012-11-28T16:15:39.3443740+00:00" endTime="2012-11-28T16:15:41.3929628+00:00" testType="13cdc9d9-ddb5-4fa4-a97d-d965ccfc6d4b" outcome="Failed" testListId="8c84fa94-04c1-424b-9868-57a2d4851a1d" relativeResultsDirectory="11c85e0e-ba6a-4e75-80e9-4096e841a791">
      <Output>
        <Exception>Exception has been thrown by the target of an invocation.</Exception>
        <ErrorInfo>
          <Message>Unable to create instance of class HousingConditionWebApp.Tests.Controllers.HouseConditionControllerIntegrationTests. Error: System.Data.MetadataException: Unable to load the specified metadata resource..</Message>
          <StackTrace>    at System.Data.Metadata.Edm.MetadataArtifactLoaderCompositeResource.LoadResources(String assemblyName, String resourceName, ICollection`1 uriRegistry, MetadataArtifactAssemblyResolver resolver)
   at System.Data.Metadata.Edm.MetadataArtifactLoaderCompositeResource..ctor(String originalPath, String assemblyName, String resourceName, ICollection`1 uriRegistry, MetadataArtifactAssemblyResolver resolver)
   at System.Data.Metadata.Edm.MetadataArtifactLoaderCompositeResource.CreateResourceLoader(String path, ExtensionCheck extensionCheck, String validExtension, ICollection`1 uriRegistry, MetadataArtifactAssemblyResolver resolver)
   at System.Data.Metadata.Edm.MetadataArtifactLoader.Create(String path, ExtensionCheck extensionCheck, String validExtension, ICollection`1 uriRegistry, MetadataArtifactAssemblyResolver resolver)
   at System.Data.Metadata.Edm.MetadataArtifactLoader.Create(String path, ExtensionCheck extensionCheck, String validExtension, ICollection`1 uriRegistry)
   at System.Data.Metadata.Edm.MetadataCache.SplitPaths(String paths)
   at System.Data.Common.Utils.Memoizer`2.&lt;&gt;c__DisplayClass2.&lt;Evaluate&gt;b__0()
   at System.Data.Common.Utils.Memoizer`2.Result.GetValue()
   at System.Data.Common.Utils.Memoizer`2.Evaluate(TArg arg)
   at System.Data.Metadata.Edm.MetadataCache.GetOrCreateMetdataArtifactLoader(String paths)
   at System.Data.EntityClient.EntityConnection.GetMetadataWorkspace(Boolean initializeAllCollections)
   at System.Data.Objects.ObjectContext.RetrieveMetadataWorkspaceFromConnection()
   at System.Data.Objects.ObjectContext..ctor(EntityConnection connection, Boolean isConnectionConstructor)
   at System.Data.Objects.ObjectContext..ctor(String connectionString)
   at System.Data.Objects.ObjectContext..ctor(String connectionString, String defaultContainerName)
   at HouseRepairMVC.Models.HouseConditionEntities..ctor() in F:\Semester 2\EAD\Mini-project\HouseRepairMVC\HouseRepairMVC\Models\HouseConditionModel.Designer.cs:line 34
   at HouseRepairMVC.Controllers.HouseConditionController..ctor() in F:\Semester 2\EAD\Mini-project\HouseRepairMVC\HouseRepairMVC\Controllers\HouseConditionController.cs:line 14
   at HousingConditionWebApp.Tests.Controllers.HouseConditionControllerIntegrationTests..ctor() in F:\Semester 2\EAD\Mini-project\HouseRepairMVC\HouseRepairMVC.Tests\Controllers\HouseConditionControllerIntegrationTests.cs:line 21
</StackTrace>
        </ErrorInfo>
      </Output>
    </UnitTestResult>
    <UnitTestResult executionId="4bb0c651-1413-48ac-ae20-217b737be474" testId="31acfdd5-7fe9-69eb-3e4a-cb4da9ac447f" testName="TestIndexView" computerName="OKEEMAN" duration="00:00:00.0077413" startTime="2012-11-28T16:15:41.4499660+00:00" endTime="2012-11-28T16:15:41.4619667+00:00" testType="13cdc9d9-ddb5-4fa4-a97d-d965ccfc6d4b" outcome="Failed" testListId="8c84fa94-04c1-424b-9868-57a2d4851a1d" relativeResultsDirectory="4bb0c651-1413-48ac-ae20-217b737be474">
      <Output>
        <Exception>Exception has been thrown by the target of an invocation.</Exception>
        <ErrorInfo>
          <Message>Unable to create instance of class HousingConditionWebApp.Tests.Controllers.HouseConditionControllerIntegrationTests. Error: System.Data.MetadataException: Unable to load the specified metadata resource..</Message>
          <StackTrace>    at System.Data.Metadata.Edm.MetadataArtifactLoaderCompositeResource.LoadResources(String assemblyName, String resourceName, ICollection`1 uriRegistry, MetadataArtifactAssemblyResolver resolver)
   at System.Data.Metadata.Edm.MetadataArtifactLoaderCompositeResource..ctor(String originalPath, String assemblyName, String resourceName, ICollection`1 uriRegistry, MetadataArtifactAssemblyResolver resolver)
   at System.Data.Metadata.Edm.MetadataArtifactLoaderCompositeResource.CreateResourceLoader(String path, ExtensionCheck extensionCheck, String validExtension, ICollection`1 uriRegistry, MetadataArtifactAssemblyResolver resolver)
   at System.Data.Metadata.Edm.MetadataArtifactLoader.Create(String path, ExtensionCheck extensionCheck, String validExtension, ICollection`1 uriRegistry, MetadataArtifactAssemblyResolver resolver)
   at System.Data.Metadata.Edm.MetadataArtifactLoader.Create(String path, ExtensionCheck extensionCheck, String validExtension, ICollection`1 uriRegistry)
   at System.Data.Metadata.Edm.MetadataCache.SplitPaths(String paths)
   at System.Data.Common.Utils.Memoizer`2.&lt;&gt;c__DisplayClass2.&lt;Evaluate&gt;b__0()
   at System.Data.Common.Utils.Memoizer`2.Result.GetValue()
   at System.Data.Common.Utils.Memoizer`2.Evaluate(TArg arg)
   at System.Data.Metadata.Edm.MetadataCache.GetOrCreateMetdataArtifactLoader(String paths)
   at System.Data.EntityClient.EntityConnection.GetMetadataWorkspace(Boolean initializeAllCollections)
   at System.Data.Objects.ObjectContext.RetrieveMetadataWorkspaceFromConnection()
   at System.Data.Objects.ObjectContext..ctor(EntityConnection connection, Boolean isConnectionConstructor)
   at System.Data.Objects.ObjectContext..ctor(String connectionString)
   at System.Data.Objects.ObjectContext..ctor(String connectionString, String defaultContainerName)
   at HouseRepairMVC.Models.HouseConditionEntities..ctor() in F:\Semester 2\EAD\Mini-project\HouseRepairMVC\HouseRepairMVC\Models\HouseConditionModel.Designer.cs:line 34
   at HouseRepairMVC.Controllers.HouseConditionController..ctor() in F:\Semester 2\EAD\Mini-project\HouseRepairMVC\HouseRepairMVC\Controllers\HouseConditionController.cs:line 14
   at HousingConditionWebApp.Tests.Controllers.HouseConditionControllerIntegrationTests..ctor() in F:\Semester 2\EAD\Mini-project\HouseRepairMVC\HouseRepairMVC.Tests\Controllers\HouseConditionControllerIntegrationTests.cs:line 21
</StackTrace>
        </ErrorInfo>
      </Output>
    </UnitTestResult>
    <UnitTestResult executionId="f5562e83-908d-491d-ae6b-c30e9b90304e" testId="35077c8a-b1f3-383d-b590-44b9fc778c99" testName="TestDetailsReturnCorrectData" computerName="OKEEMAN" duration="00:00:00.0016564" startTime="2012-11-28T16:15:41.5159698+00:00" endTime="2012-11-28T16:15:41.5259704+00:00" testType="13cdc9d9-ddb5-4fa4-a97d-d965ccfc6d4b" outcome="Failed" testListId="8c84fa94-04c1-424b-9868-57a2d4851a1d" relativeResultsDirectory="f5562e83-908d-491d-ae6b-c30e9b90304e">
      <Output>
        <Exception>Exception has been thrown by the target of an invocation.</Exception>
        <ErrorInfo>
          <Message>Unable to create instance of class HousingConditionWebApp.Tests.Controllers.HouseConditionControllerIntegrationTests. Error: System.Data.MetadataException: Unable to load the specified metadata resource..</Message>
          <StackTrace>    at System.Data.Metadata.Edm.MetadataArtifactLoaderCompositeResource.LoadResources(String assemblyName, String resourceName, ICollection`1 uriRegistry, MetadataArtifactAssemblyResolver resolver)
   at System.Data.Metadata.Edm.MetadataArtifactLoaderCompositeResource..ctor(String originalPath, String assemblyName, String resourceName, ICollection`1 uriRegistry, MetadataArtifactAssemblyResolver resolver)
   at System.Data.Metadata.Edm.MetadataArtifactLoaderCompositeResource.CreateResourceLoader(String path, ExtensionCheck extensionCheck, String validExtension, ICollection`1 uriRegistry, MetadataArtifactAssemblyResolver resolver)
   at System.Data.Metadata.Edm.MetadataArtifactLoader.Create(String path, ExtensionCheck extensionCheck, String validExtension, ICollection`1 uriRegistry, MetadataArtifactAssemblyResolver resolver)
   at System.Data.Metadata.Edm.MetadataArtifactLoader.Create(String path, ExtensionCheck extensionCheck, String validExtension, ICollection`1 uriRegistry)
   at System.Data.Metadata.Edm.MetadataCache.SplitPaths(String paths)
   at System.Data.Common.Utils.Memoizer`2.&lt;&gt;c__DisplayClass2.&lt;Evaluate&gt;b__0()
   at System.Data.Common.Utils.Memoizer`2.Result.GetValue()
   at System.Data.Common.Utils.Memoizer`2.Evaluate(TArg arg)
   at System.Data.Metadata.Edm.MetadataCache.GetOrCreateMetdataArtifactLoader(String paths)
   at System.Data.EntityClient.EntityConnection.GetMetadataWorkspace(Boolean initializeAllCollections)
   at System.Data.Objects.ObjectContext.RetrieveMetadataWorkspaceFromConnection()
   at System.Data.Objects.ObjectContext..ctor(EntityConnection connection, Boolean isConnectionConstructor)
   at System.Data.Objects.ObjectContext..ctor(String connectionString)
   at System.Data.Objects.ObjectContext..ctor(String connectionString, String defaultContainerName)
   at HouseRepairMVC.Models.HouseConditionEntities..ctor() in F:\Semester 2\EAD\Mini-project\HouseRepairMVC\HouseRepairMVC\Models\HouseConditionModel.Designer.cs:line 34
   at HouseRepairMVC.Controllers.HouseConditionController..ctor() in F:\Semester 2\EAD\Mini-project\HouseRepairMVC\HouseRepairMVC\Controllers\HouseConditionController.cs:line 14
   at HousingConditionWebApp.Tests.Controllers.HouseConditionControllerIntegrationTests..ctor() in F:\Semester 2\EAD\Mini-project\HouseRepairMVC\HouseRepairMVC.Tests\Controllers\HouseConditionControllerIntegrationTests.cs:line 21
</StackTrace>
        </ErrorInfo>
      </Output>
    </UnitTestResult>
    <UnitTestResult executionId="8a05c6ec-6a16-4b9a-9dc9-9f359a9b87d8" testId="525d0a24-6b27-cde4-401e-f001b97e430f" testName="TestCreateActionHouseNotAddedToDatabaseIfModelInvalid" computerName="OKEEMAN" duration="00:00:00.0013741" startTime="2012-11-28T16:15:41.5469716+00:00" endTime="2012-11-28T16:15:41.5509718+00:00" testType="13cdc9d9-ddb5-4fa4-a97d-d965ccfc6d4b" outcome="Failed" testListId="8c84fa94-04c1-424b-9868-57a2d4851a1d" relativeResultsDirectory="8a05c6ec-6a16-4b9a-9dc9-9f359a9b87d8">
      <Output>
        <Exception>Exception has been thrown by the target of an invocation.</Exception>
        <ErrorInfo>
          <Message>Unable to create instance of class HousingConditionWebApp.Tests.Controllers.HouseConditionControllerIntegrationTests. Error: System.Data.MetadataException: Unable to load the specified metadata resource..</Message>
          <StackTrace>    at System.Data.Metadata.Edm.MetadataArtifactLoaderCompositeResource.LoadResources(String assemblyName, String resourceName, ICollection`1 uriRegistry, MetadataArtifactAssemblyResolver resolver)
   at System.Data.Metadata.Edm.MetadataArtifactLoaderCompositeResource..ctor(String originalPath, String assemblyName, String resourceName, ICollection`1 uriRegistry, MetadataArtifactAssemblyResolver resolver)
   at System.Data.Metadata.Edm.MetadataArtifactLoaderCompositeResource.CreateResourceLoader(String path, ExtensionCheck extensionCheck, String validExtension, ICollection`1 uriRegistry, MetadataArtifactAssemblyResolver resolver)
   at System.Data.Metadata.Edm.MetadataArtifactLoader.Create(String path, ExtensionCheck extensionCheck, String validExtension, ICollection`1 uriRegistry, MetadataArtifactAssemblyResolver resolver)
   at System.Data.Metadata.Edm.MetadataArtifactLoader.Create(String path, ExtensionCheck extensionCheck, String validExtension, ICollection`1 uriRegistry)
   at System.Data.Metadata.Edm.MetadataCache.SplitPaths(String paths)
   at System.Data.Common.Utils.Memoizer`2.&lt;&gt;c__DisplayClass2.&lt;Evaluate&gt;b__0()
   at System.Data.Common.Utils.Memoizer`2.Result.GetValue()
   at System.Data.Common.Utils.Memoizer`2.Evaluate(TArg arg)
   at System.Data.Metadata.Edm.MetadataCache.GetOrCreateMetdataArtifactLoader(String paths)
   at System.Data.EntityClient.EntityConnection.GetMetadataWorkspace(Boolean initializeAllCollections)
   at System.Data.Objects.ObjectContext.RetrieveMetadataWorkspaceFromConnection()
   at System.Data.Objects.ObjectContext..ctor(EntityConnection connection, Boolean isConnectionConstructor)
   at System.Data.Objects.ObjectContext..ctor(String connectionString)
   at System.Data.Objects.ObjectContext..ctor(String connectionString, String defaultContainerName)
   at HouseRepairMVC.Models.HouseConditionEntities..ctor() in F:\Semester 2\EAD\Mini-project\HouseRepairMVC\HouseRepairMVC\Models\HouseConditionModel.Designer.cs:line 34
   at HouseRepairMVC.Controllers.HouseConditionController..ctor() in F:\Semester 2\EAD\Mini-project\HouseRepairMVC\HouseRepairMVC\Controllers\HouseConditionController.cs:line 14
   at HousingConditionWebApp.Tests.Controllers.HouseConditionControllerIntegrationTests..ctor() in F:\Semester 2\EAD\Mini-project\HouseRepairMVC\HouseRepairMVC.Tests\Controllers\HouseConditionControllerIntegrationTests.cs:line 21
</StackTrace>
        </ErrorInfo>
      </Output>
    </UnitTestResult>
    <UnitTestResult executionId="38f86acd-0ada-49b3-bc5d-f0240ceb16d8" testId="59ac7a05-2442-7fbe-5012-acbcff61455e" testName="TestEditRedirectIfModelValid" computerName="OKEEMAN" duration="00:00:00.0012627" startTime="2012-11-28T16:15:41.5729731+00:00" endTime="2012-11-28T16:15:41.5779734+00:00" testType="13cdc9d9-ddb5-4fa4-a97d-d965ccfc6d4b" outcome="Failed" testListId="8c84fa94-04c1-424b-9868-57a2d4851a1d" relativeResultsDirectory="38f86acd-0ada-49b3-bc5d-f0240ceb16d8">
      <Output>
        <Exception>Exception has been thrown by the target of an invocation.</Exception>
        <ErrorInfo>
          <Message>Unable to create instance of class HousingConditionWebApp.Tests.Controllers.HouseConditionControllerIntegrationTests. Error: System.Data.MetadataException: Unable to load the specified metadata resource..</Message>
          <StackTrace>    at System.Data.Metadata.Edm.MetadataArtifactLoaderCompositeResource.LoadResources(String assemblyName, String resourceName, ICollection`1 uriRegistry, MetadataArtifactAssemblyResolver resolver)
   at System.Data.Metadata.Edm.MetadataArtifactLoaderCompositeResource..ctor(String originalPath, String assemblyName, String resourceName, ICollection`1 uriRegistry, MetadataArtifactAssemblyResolver resolver)
   at System.Data.Metadata.Edm.MetadataArtifactLoaderCompositeResource.CreateResourceLoader(String path, ExtensionCheck extensionCheck, String validExtension, ICollection`1 uriRegistry, MetadataArtifactAssemblyResolver resolver)
   at System.Data.Metadata.Edm.MetadataArtifactLoader.Create(String path, ExtensionCheck extensionCheck, String validExtension, ICollection`1 uriRegistry, MetadataArtifactAssemblyResolver resolver)
   at System.Data.Metadata.Edm.MetadataArtifactLoader.Create(String path, ExtensionCheck extensionCheck, String validExtension, ICollection`1 uriRegistry)
   at System.Data.Metadata.Edm.MetadataCache.SplitPaths(String paths)
   at System.Data.Common.Utils.Memoizer`2.&lt;&gt;c__DisplayClass2.&lt;Evaluate&gt;b__0()
   at System.Data.Common.Utils.Memoizer`2.Result.GetValue()
   at System.Data.Common.Utils.Memoizer`2.Evaluate(TArg arg)
   at System.Data.Metadata.Edm.MetadataCache.GetOrCreateMetdataArtifactLoader(String paths)
   at System.Data.EntityClient.EntityConnection.GetMetadataWorkspace(Boolean initializeAllCollections)
   at System.Data.Objects.ObjectContext.RetrieveMetadataWorkspaceFromConnection()
   at System.Data.Objects.ObjectContext..ctor(EntityConnection connection, Boolean isConnectionConstructor)
   at System.Data.Objects.ObjectContext..ctor(String connectionString)
   at System.Data.Objects.ObjectContext..ctor(String connectionString, String defaultContainerName)
   at HouseRepairMVC.Models.HouseConditionEntities..ctor() in F:\Semester 2\EAD\Mini-project\HouseRepairMVC\HouseRepairMVC\Models\HouseConditionModel.Designer.cs:line 34
   at HouseRepairMVC.Controllers.HouseConditionController..ctor() in F:\Semester 2\EAD\Mini-project\HouseRepairMVC\HouseRepairMVC\Controllers\HouseConditionController.cs:line 14
   at HousingConditionWebApp.Tests.Controllers.HouseConditionControllerIntegrationTests..ctor() in F:\Semester 2\EAD\Mini-project\HouseRepairMVC\HouseRepairMVC.Tests\Controllers\HouseConditionControllerIntegrationTests.cs:line 21
</StackTrace>
        </ErrorInfo>
      </Output>
    </UnitTestResult>
    <UnitTestResult executionId="3ccad33d-bc29-45a0-bf80-c21b36ed61c2" testId="61bef084-54dd-e5c5-b4da-4789e5b86ab2" testName="TestDetailsView" computerName="OKEEMAN" duration="00:00:00.0015475" startTime="2012-11-28T16:15:41.5989746+00:00" endTime="2012-11-28T16:15:41.6039748+00:00" testType="13cdc9d9-ddb5-4fa4-a97d-d965ccfc6d4b" outcome="Failed" testListId="8c84fa94-04c1-424b-9868-57a2d4851a1d" relativeResultsDirectory="3ccad33d-bc29-45a0-bf80-c21b36ed61c2">
      <Output>
        <Exception>Exception has been thrown by the target of an invocation.</Exception>
        <ErrorInfo>
          <Message>Unable to create instance of class HousingConditionWebApp.Tests.Controllers.HouseConditionControllerIntegrationTests. Error: System.Data.MetadataException: Unable to load the specified metadata resource..</Message>
          <StackTrace>    at System.Data.Metadata.Edm.MetadataArtifactLoaderCompositeResource.LoadResources(String assemblyName, String resourceName, ICollection`1 uriRegistry, MetadataArtifactAssemblyResolver resolver)
   at System.Data.Metadata.Edm.MetadataArtifactLoaderCompositeResource..ctor(String originalPath, String assemblyName, String resourceName, ICollection`1 uriRegistry, MetadataArtifactAssemblyResolver resolver)
   at System.Data.Metadata.Edm.MetadataArtifactLoaderCompositeResource.CreateResourceLoader(String path, ExtensionCheck extensionCheck, String validExtension, ICollection`1 uriRegistry, MetadataArtifactAssemblyResolver resolver)
   at System.Data.Metadata.Edm.MetadataArtifactLoader.Create(String path, ExtensionCheck extensionCheck, String validExtension, ICollection`1 uriRegistry, MetadataArtifactAssemblyResolver resolver)
   at System.Data.Metadata.Edm.MetadataArtifactLoader.Create(String path, ExtensionCheck extensionCheck, String validExtension, ICollection`1 uriRegistry)
   at System.Data.Metadata.Edm.MetadataCache.SplitPaths(String paths)
   at System.Data.Common.Utils.Memoizer`2.&lt;&gt;c__DisplayClass2.&lt;Evaluate&gt;b__0()
   at System.Data.Common.Utils.Memoizer`2.Result.GetValue()
   at System.Data.Common.Utils.Memoizer`2.Evaluate(TArg arg)
   at System.Data.Metadata.Edm.MetadataCache.GetOrCreateMetdataArtifactLoader(String paths)
   at System.Data.EntityClient.EntityConnection.GetMetadataWorkspace(Boolean initializeAllCollections)
   at System.Data.Objects.ObjectContext.RetrieveMetadataWorkspaceFromConnection()
   at System.Data.Objects.ObjectContext..ctor(EntityConnection connection, Boolean isConnectionConstructor)
   at System.Data.Objects.ObjectContext..ctor(String connectionString)
   at System.Data.Objects.ObjectContext..ctor(String connectionString, String defaultContainerName)
   at HouseRepairMVC.Models.HouseConditionEntities..ctor() in F:\Semester 2\EAD\Mini-project\HouseRepairMVC\HouseRepairMVC\Models\HouseConditionModel.Designer.cs:line 34
   at HouseRepairMVC.Controllers.HouseConditionController..ctor() in F:\Semester 2\EAD\Mini-project\HouseRepairMVC\HouseRepairMVC\Controllers\HouseConditionController.cs:line 14
   at HousingConditionWebApp.Tests.Controllers.HouseConditionControllerIntegrationTests..ctor() in F:\Semester 2\EAD\Mini-project\HouseRepairMVC\HouseRepairMVC.Tests\Controllers\HouseConditionControllerIntegrationTests.cs:line 21
</StackTrace>
        </ErrorInfo>
      </Output>
    </UnitTestResult>
    <UnitTestResult executionId="a457ab9a-fa2c-4344-ae72-f01083ffd64a" testId="6829e5cc-1fc8-e53d-80b6-0f40a3e97825" testName="Index" computerName="OKEEMAN" duration="00:00:01.2666412" startTime="2012-11-28T16:15:41.6249760+00:00" endTime="2012-11-28T16:15:42.8950487+00:00" testType="13cdc9d9-ddb5-4fa4-a97d-d965ccfc6d4b" outcome="Passed" testListId="8c84fa94-04c1-424b-9868-57a2d4851a1d" relativeResultsDirectory="a457ab9a-fa2c-4344-ae72-f01083ffd64a">
    </UnitTestResult>
    <UnitTestResult executionId="c83b4ab5-de55-4a23-8879-e0812082b447" testId="7005a48f-ca60-479e-5506-282d1a5cf1a3" testName="TestCreateRedisplayCreateViewIfModelInvalid" computerName="OKEEMAN" duration="00:00:00.0019892" startTime="2012-11-28T16:15:43.0580580+00:00" endTime="2012-11-28T16:15:43.0640584+00:00" testType="13cdc9d9-ddb5-4fa4-a97d-d965ccfc6d4b" outcome="Failed" testListId="8c84fa94-04c1-424b-9868-57a2d4851a1d" relativeResultsDirectory="c83b4ab5-de55-4a23-8879-e0812082b447">
      <Output>
        <Exception>Exception has been thrown by the target of an invocation.</Exception>
        <ErrorInfo>
          <Message>Unable to create instance of class HousingConditionWebApp.Tests.Controllers.HouseConditionControllerIntegrationTests. Error: System.Data.MetadataException: Unable to load the specified metadata resource..</Message>
          <StackTrace>    at System.Data.Metadata.Edm.MetadataArtifactLoaderCompositeResource.LoadResources(String assemblyName, String resourceName, ICollection`1 uriRegistry, MetadataArtifactAssemblyResolver resolver)
   at System.Data.Metadata.Edm.MetadataArtifactLoaderCompositeResource..ctor(String originalPath, String assemblyName, String resourceName, ICollection`1 uriRegistry, MetadataArtifactAssemblyResolver resolver)
   at System.Data.Metadata.Edm.MetadataArtifactLoaderCompositeResource.CreateResourceLoader(String path, ExtensionCheck extensionCheck, String validExtension, ICollection`1 uriRegistry, MetadataArtifactAssemblyResolver resolver)
   at System.Data.Metadata.Edm.MetadataArtifactLoader.Create(String path, ExtensionCheck extensionCheck, String validExtension, ICollection`1 uriRegistry, MetadataArtifactAssemblyResolver resolver)
   at System.Data.Metadata.Edm.MetadataArtifactLoader.Create(String path, ExtensionCheck extensionCheck, String validExtension, ICollection`1 uriRegistry)
   at System.Data.Metadata.Edm.MetadataCache.SplitPaths(String paths)
   at System.Data.Common.Utils.Memoizer`2.&lt;&gt;c__DisplayClass2.&lt;Evaluate&gt;b__0()
   at System.Data.Common.Utils.Memoizer`2.Result.GetValue()
   at System.Data.Common.Utils.Memoizer`2.Evaluate(TArg arg)
   at System.Data.Metadata.Edm.MetadataCache.GetOrCreateMetdataArtifactLoader(String paths)
   at System.Data.EntityClient.EntityConnection.GetMetadataWorkspace(Boolean initializeAllCollections)
   at System.Data.Objects.ObjectContext.RetrieveMetadataWorkspaceFromConnection()
   at System.Data.Objects.ObjectContext..ctor(EntityConnection connection, Boolean isConnectionConstructor)
   at System.Data.Objects.ObjectContext..ctor(String connectionString)
   at System.Data.Objects.ObjectContext..ctor(String connectionString, String defaultContainerName)
   at HouseRepairMVC.Models.HouseConditionEntities..ctor() in F:\Semester 2\EAD\Mini-project\HouseRepairMVC\HouseRepairMVC\Models\HouseConditionModel.Designer.cs:line 34
   at HouseRepairMVC.Controllers.HouseConditionController..ctor() in F:\Semester 2\EAD\Mini-project\HouseRepairMVC\HouseRepairMVC\Controllers\HouseConditionController.cs:line 14
   at HousingConditionWebApp.Tests.Controllers.HouseConditionControllerIntegrationTests..ctor() in F:\Semester 2\EAD\Mini-project\HouseRepairMVC\HouseRepairMVC.Tests\Controllers\HouseConditionControllerIntegrationTests.cs:line 21
</StackTrace>
        </ErrorInfo>
      </Output>
    </UnitTestResult>
    <UnitTestResult executionId="aeba180c-dd13-4607-831f-7c9b7ffee467" testId="9706e323-489b-a697-5293-1b8b6234a76f" testName="TestCreateView" computerName="OKEEMAN" duration="00:00:00.0014521" startTime="2012-11-28T16:15:43.0820594+00:00" endTime="2012-11-28T16:15:43.0870597+00:00" testType="13cdc9d9-ddb5-4fa4-a97d-d965ccfc6d4b" outcome="Failed" testListId="8c84fa94-04c1-424b-9868-57a2d4851a1d" relativeResultsDirectory="aeba180c-dd13-4607-831f-7c9b7ffee467">
      <Output>
        <Exception>Exception has been thrown by the target of an invocation.</Exception>
        <ErrorInfo>
          <Message>Unable to create instance of class HousingConditionWebApp.Tests.Controllers.HouseConditionControllerIntegrationTests. Error: System.Data.MetadataException: Unable to load the specified metadata resource..</Message>
          <StackTrace>    at System.Data.Metadata.Edm.MetadataArtifactLoaderCompositeResource.LoadResources(String assemblyName, String resourceName, ICollection`1 uriRegistry, MetadataArtifactAssemblyResolver resolver)
   at System.Data.Metadata.Edm.MetadataArtifactLoaderCompositeResource..ctor(String originalPath, String assemblyName, String resourceName, ICollection`1 uriRegistry, MetadataArtifactAssemblyResolver resolver)
   at System.Data.Metadata.Edm.MetadataArtifactLoaderCompositeResource.CreateResourceLoader(String path, ExtensionCheck extensionCheck, String validExtension, ICollection`1 uriRegistry, MetadataArtifactAssemblyResolver resolver)
   at System.Data.Metadata.Edm.MetadataArtifactLoader.Create(String path, ExtensionCheck extensionCheck, String validExtension, ICollection`1 uriRegistry, MetadataArtifactAssemblyResolver resolver)
   at System.Data.Metadata.Edm.MetadataArtifactLoader.Create(String path, ExtensionCheck extensionCheck, String validExtension, ICollection`1 uriRegistry)
   at System.Data.Metadata.Edm.MetadataCache.SplitPaths(String paths)
   at System.Data.Common.Utils.Memoizer`2.&lt;&gt;c__DisplayClass2.&lt;Evaluate&gt;b__0()
   at System.Data.Common.Utils.Memoizer`2.Result.GetValue()
   at System.Data.Common.Utils.Memoizer`2.Evaluate(TArg arg)
   at System.Data.Metadata.Edm.MetadataCache.GetOrCreateMetdataArtifactLoader(String paths)
   at System.Data.EntityClient.EntityConnection.GetMetadataWorkspace(Boolean initializeAllCollections)
   at System.Data.Objects.ObjectContext.RetrieveMetadataWorkspaceFromConnection()
   at System.Data.Objects.ObjectContext..ctor(EntityConnection connection, Boolean isConnectionConstructor)
   at System.Data.Objects.ObjectContext..ctor(String connectionString)
   at System.Data.Objects.ObjectContext..ctor(String connectionString, String defaultContainerName)
   at HouseRepairMVC.Models.HouseConditionEntities..ctor() in F:\Semester 2\EAD\Mini-project\HouseRepairMVC\HouseRepairMVC\Models\HouseConditionModel.Designer.cs:line 34
   at HouseRepairMVC.Controllers.HouseConditionController..ctor() in F:\Semester 2\EAD\Mini-project\HouseRepairMVC\HouseRepairMVC\Controllers\HouseConditionController.cs:line 14
   at HousingConditionWebApp.Tests.Controllers.HouseConditionControllerIntegrationTests..ctor() in F:\Semester 2\EAD\Mini-project\HouseRepairMVC\HouseRepairMVC.Tests\Controllers\HouseConditionControllerIntegrationTests.cs:line 21
</StackTrace>
        </ErrorInfo>
      </Output>
    </UnitTestResult>
    <UnitTestResult executionId="717d9ec9-0c13-4da5-bc96-11dd047fb1b8" testId="99ceb6e7-2973-6830-e048-779cae5c1bb9" testName="TestEditView" computerName="OKEEMAN" duration="00:00:00.0013116" startTime="2012-11-28T16:15:43.1090609+00:00" endTime="2012-11-28T16:15:43.1140612+00:00" testType="13cdc9d9-ddb5-4fa4-a97d-d965ccfc6d4b" outcome="Failed" testListId="8c84fa94-04c1-424b-9868-57a2d4851a1d" relativeResultsDirectory="717d9ec9-0c13-4da5-bc96-11dd047fb1b8">
      <Output>
        <Exception>Exception has been thrown by the target of an invocation.</Exception>
        <ErrorInfo>
          <Message>Unable to create instance of class HousingConditionWebApp.Tests.Controllers.HouseConditionControllerIntegrationTests. Error: System.Data.MetadataException: Unable to load the specified metadata resource..</Message>
          <StackTrace>    at System.Data.Metadata.Edm.MetadataArtifactLoaderCompositeResource.LoadResources(String assemblyName, String resourceName, ICollection`1 uriRegistry, MetadataArtifactAssemblyResolver resolver)
   at System.Data.Metadata.Edm.MetadataArtifactLoaderCompositeResource..ctor(String originalPath, String assemblyName, String resourceName, ICollection`1 uriRegistry, MetadataArtifactAssemblyResolver resolver)
   at System.Data.Metadata.Edm.MetadataArtifactLoaderCompositeResource.CreateResourceLoader(String path, ExtensionCheck extensionCheck, String validExtension, ICollection`1 uriRegistry, MetadataArtifactAssemblyResolver resolver)
   at System.Data.Metadata.Edm.MetadataArtifactLoader.Create(String path, ExtensionCheck extensionCheck, String validExtension, ICollection`1 uriRegistry, MetadataArtifactAssemblyResolver resolver)
   at System.Data.Metadata.Edm.MetadataArtifactLoader.Create(String path, ExtensionCheck extensionCheck, String validExtension, ICollection`1 uriRegistry)
   at System.Data.Metadata.Edm.MetadataCache.SplitPaths(String paths)
   at System.Data.Common.Utils.Memoizer`2.&lt;&gt;c__DisplayClass2.&lt;Evaluate&gt;b__0()
   at System.Data.Common.Utils.Memoizer`2.Result.GetValue()
   at System.Data.Common.Utils.Memoizer`2.Evaluate(TArg arg)
   at System.Data.Metadata.Edm.MetadataCache.GetOrCreateMetdataArtifactLoader(String paths)
   at System.Data.EntityClient.EntityConnection.GetMetadataWorkspace(Boolean initializeAllCollections)
   at System.Data.Objects.ObjectContext.RetrieveMetadataWorkspaceFromConnection()
   at System.Data.Objects.ObjectContext..ctor(EntityConnection connection, Boolean isConnectionConstructor)
   at System.Data.Objects.ObjectContext..ctor(String connectionString)
   at System.Data.Objects.ObjectContext..ctor(String connectionString, String defaultContainerName)
   at HouseRepairMVC.Models.HouseConditionEntities..ctor() in F:\Semester 2\EAD\Mini-project\HouseRepairMVC\HouseRepairMVC\Models\HouseConditionModel.Designer.cs:line 34
   at HouseRepairMVC.Controllers.HouseConditionController..ctor() in F:\Semester 2\EAD\Mini-project\HouseRepairMVC\HouseRepairMVC\Controllers\HouseConditionController.cs:line 14
   at HousingConditionWebApp.Tests.Controllers.HouseConditionControllerIntegrationTests..ctor() in F:\Semester 2\EAD\Mini-project\HouseRepairMVC\HouseRepairMVC.Tests\Controllers\HouseConditionControllerIntegrationTests.cs:line 21
</StackTrace>
        </ErrorInfo>
      </Output>
    </UnitTestResult>
    <UnitTestResult executionId="a628f1c2-dc0b-49ed-b38d-b22abb1f432d" testId="9c5968b1-dbee-0b3e-d0c2-b88492dd3d9c" testName="About" computerName="OKEEMAN" duration="00:00:00.0008280" startTime="2012-11-28T16:15:43.1350624+00:00" endTime="2012-11-28T16:15:43.1390626+00:00" testType="13cdc9d9-ddb5-4fa4-a97d-d965ccfc6d4b" outcome="Passed" testListId="8c84fa94-04c1-424b-9868-57a2d4851a1d" relativeResultsDirectory="a628f1c2-dc0b-49ed-b38d-b22abb1f432d">
    </UnitTestResult>
    <UnitTestResult executionId="a71d637b-9390-4a36-b636-5103b4c5d815" testId="b7d117f5-6a75-98d5-c203-1e45ce288705" testName="TestEditRedisplayEditViewIfModelInvalid" computerName="OKEEMAN" duration="00:00:00.0014743" startTime="2012-11-28T16:15:43.1630640+00:00" endTime="2012-11-28T16:15:43.1690644+00:00" testType="13cdc9d9-ddb5-4fa4-a97d-d965ccfc6d4b" outcome="Failed" testListId="8c84fa94-04c1-424b-9868-57a2d4851a1d" relativeResultsDirectory="a71d637b-9390-4a36-b636-5103b4c5d815">
      <Output>
        <Exception>Exception has been thrown by the target of an invocation.</Exception>
        <ErrorInfo>
          <Message>Unable to create instance of class HousingConditionWebApp.Tests.Controllers.HouseConditionControllerIntegrationTests. Error: System.Data.MetadataException: Unable to load the specified metadata resource..</Message>
          <StackTrace>    at System.Data.Metadata.Edm.MetadataArtifactLoaderCompositeResource.LoadResources(String assemblyName, String resourceName, ICollection`1 uriRegistry, MetadataArtifactAssemblyResolver resolver)
   at System.Data.Metadata.Edm.MetadataArtifactLoaderCompositeResource..ctor(String originalPath, String assemblyName, String resourceName, ICollection`1 uriRegistry, MetadataArtifactAssemblyResolver resolver)
   at System.Data.Metadata.Edm.MetadataArtifactLoaderCompositeResource.CreateResourceLoader(String path, ExtensionCheck extensionCheck, String validExtension, ICollection`1 uriRegistry, MetadataArtifactAssemblyResolver resolver)
   at System.Data.Metadata.Edm.MetadataArtifactLoader.Create(String path, ExtensionCheck extensionCheck, String validExtension, ICollection`1 uriRegistry, MetadataArtifactAssemblyResolver resolver)
   at System.Data.Metadata.Edm.MetadataArtifactLoader.Create(String path, ExtensionCheck extensionCheck, String validExtension, ICollection`1 uriRegistry)
   at System.Data.Metadata.Edm.MetadataCache.SplitPaths(String paths)
   at System.Data.Common.Utils.Memoizer`2.&lt;&gt;c__DisplayClass2.&lt;Evaluate&gt;b__0()
   at System.Data.Common.Utils.Memoizer`2.Result.GetValue()
   at System.Data.Common.Utils.Memoizer`2.Evaluate(TArg arg)
   at System.Data.Metadata.Edm.MetadataCache.GetOrCreateMetdataArtifactLoader(String paths)
   at System.Data.EntityClient.EntityConnection.GetMetadataWorkspace(Boolean initializeAllCollections)
   at System.Data.Objects.ObjectContext.RetrieveMetadataWorkspaceFromConnection()
   at System.Data.Objects.ObjectContext..ctor(EntityConnection connection, Boolean isConnectionConstructor)
   at System.Data.Objects.ObjectContext..ctor(String connectionString)
   at System.Data.Objects.ObjectContext..ctor(String connectionString, String defaultContainerName)
   at HouseRepairMVC.Models.HouseConditionEntities..ctor() in F:\Semester 2\EAD\Mini-project\HouseRepairMVC\HouseRepairMVC\Models\HouseConditionModel.Designer.cs:line 34
   at HouseRepairMVC.Controllers.HouseConditionController..ctor() in F:\Semester 2\EAD\Mini-project\HouseRepairMVC\HouseRepairMVC\Controllers\HouseConditionController.cs:line 14
   at HousingConditionWebApp.Tests.Controllers.HouseConditionControllerIntegrationTests..ctor() in F:\Semester 2\EAD\Mini-project\HouseRepairMVC\HouseRepairMVC.Tests\Controllers\HouseConditionControllerIntegrationTests.cs:line 21
</StackTrace>
        </ErrorInfo>
      </Output>
    </UnitTestResult>
    <UnitTestResult executionId="1f77693b-cb26-4641-b8b3-51c8ddd057c5" testId="c89b9308-d87e-d07d-d493-74738d7224c2" testName="TestDeleteConfirmedRemovesHouseFromDatabase" computerName="OKEEMAN" duration="00:00:00.0019642" startTime="2012-11-28T16:15:43.1890655+00:00" endTime="2012-11-28T16:15:43.1960659+00:00" testType="13cdc9d9-ddb5-4fa4-a97d-d965ccfc6d4b" outcome="Failed" testListId="8c84fa94-04c1-424b-9868-57a2d4851a1d" relativeResultsDirectory="1f77693b-cb26-4641-b8b3-51c8ddd057c5">
      <Output>
        <Exception>Exception has been thrown by the target of an invocation.</Exception>
        <ErrorInfo>
          <Message>Unable to create instance of class HousingConditionWebApp.Tests.Controllers.HouseConditionControllerIntegrationTests. Error: System.Data.MetadataException: Unable to load the specified metadata resource..</Message>
          <StackTrace>    at System.Data.Metadata.Edm.MetadataArtifactLoaderCompositeResource.LoadResources(String assemblyName, String resourceName, ICollection`1 uriRegistry, MetadataArtifactAssemblyResolver resolver)
   at System.Data.Metadata.Edm.MetadataArtifactLoaderCompositeResource..ctor(String originalPath, String assemblyName, String resourceName, ICollection`1 uriRegistry, MetadataArtifactAssemblyResolver resolver)
   at System.Data.Metadata.Edm.MetadataArtifactLoaderCompositeResource.CreateResourceLoader(String path, ExtensionCheck extensionCheck, String validExtension, ICollection`1 uriRegistry, MetadataArtifactAssemblyResolver resolver)
   at System.Data.Metadata.Edm.MetadataArtifactLoader.Create(String path, ExtensionCheck extensionCheck, String validExtension, ICollection`1 uriRegistry, MetadataArtifactAssemblyResolver resolver)
   at System.Data.Metadata.Edm.MetadataArtifactLoader.Create(String path, ExtensionCheck extensionCheck, String validExtension, ICollection`1 uriRegistry)
   at System.Data.Metadata.Edm.MetadataCache.SplitPaths(String paths)
   at System.Data.Common.Utils.Memoizer`2.&lt;&gt;c__DisplayClass2.&lt;Evaluate&gt;b__0()
   at System.Data.Common.Utils.Memoizer`2.Result.GetValue()
   at System.Data.Common.Utils.Memoizer`2.Evaluate(TArg arg)
   at System.Data.Metadata.Edm.MetadataCache.GetOrCreateMetdataArtifactLoader(String paths)
   at System.Data.EntityClient.EntityConnection.GetMetadataWorkspace(Boolean initializeAllCollections)
   at System.Data.Objects.ObjectContext.RetrieveMetadataWorkspaceFromConnection()
   at System.Data.Objects.ObjectContext..ctor(EntityConnection connection, Boolean isConnectionConstructor)
   at System.Data.Objects.ObjectContext..ctor(String connectionString)
   at System.Data.Objects.ObjectContext..ctor(String connectionString, String defaultContainerName)
   at HouseRepairMVC.Models.HouseConditionEntities..ctor() in F:\Semester 2\EAD\Mini-project\HouseRepairMVC\HouseRepairMVC\Models\HouseConditionModel.Designer.cs:line 34
   at HouseRepairMVC.Controllers.HouseConditionController..ctor() in F:\Semester 2\EAD\Mini-project\HouseRepairMVC\HouseRepairMVC\Controllers\HouseConditionController.cs:line 14
   at HousingConditionWebApp.Tests.Controllers.HouseConditionControllerIntegrationTests..ctor() in F:\Semester 2\EAD\Mini-project\HouseRepairMVC\HouseRepairMVC.Tests\Controllers\HouseConditionControllerIntegrationTests.cs:line 21
</StackTrace>
        </ErrorInfo>
      </Output>
    </UnitTestResult>
    <UnitTestResult executionId="f2c2b24f-8fb8-4a38-802b-2afae37f4aca" testId="e3e31ffa-6e09-f632-2d3d-1ab0176945b7" testName="TestDeleteConfirmedRedirectsToIndexAction" computerName="OKEEMAN" duration="00:00:00.0015615" startTime="2012-11-28T16:15:43.2170671+00:00" endTime="2012-11-28T16:15:43.2220674+00:00" testType="13cdc9d9-ddb5-4fa4-a97d-d965ccfc6d4b" outcome="Failed" testListId="8c84fa94-04c1-424b-9868-57a2d4851a1d" relativeResultsDirectory="f2c2b24f-8fb8-4a38-802b-2afae37f4aca">
      <Output>
        <Exception>Exception has been thrown by the target of an invocation.</Exception>
        <ErrorInfo>
          <Message>Unable to create instance of class HousingConditionWebApp.Tests.Controllers.HouseConditionControllerIntegrationTests. Error: System.Data.MetadataException: Unable to load the specified metadata resource..</Message>
          <StackTrace>    at System.Data.Metadata.Edm.MetadataArtifactLoaderCompositeResource.LoadResources(String assemblyName, String resourceName, ICollection`1 uriRegistry, MetadataArtifactAssemblyResolver resolver)
   at System.Data.Metadata.Edm.MetadataArtifactLoaderCompositeResource..ctor(String originalPath, String assemblyName, String resourceName, ICollection`1 uriRegistry, MetadataArtifactAssemblyResolver resolver)
   at System.Data.Metadata.Edm.MetadataArtifactLoaderCompositeResource.CreateResourceLoader(String path, ExtensionCheck extensionCheck, String validExtension, ICollection`1 uriRegistry, MetadataArtifactAssemblyResolver resolver)
   at System.Data.Metadata.Edm.MetadataArtifactLoader.Create(String path, ExtensionCheck extensionCheck, String validExtension, ICollection`1 uriRegistry, MetadataArtifactAssemblyResolver resolver)
   at System.Data.Metadata.Edm.MetadataArtifactLoader.Create(String path, ExtensionCheck extensionCheck, String validExtension, ICollection`1 uriRegistry)
   at System.Data.Metadata.Edm.MetadataCache.SplitPaths(String paths)
   at System.Data.Common.Utils.Memoizer`2.&lt;&gt;c__DisplayClass2.&lt;Evaluate&gt;b__0()
   at System.Data.Common.Utils.Memoizer`2.Result.GetValue()
   at System.Data.Common.Utils.Memoizer`2.Evaluate(TArg arg)
   at System.Data.Metadata.Edm.MetadataCache.GetOrCreateMetdataArtifactLoader(String paths)
   at System.Data.EntityClient.EntityConnection.GetMetadataWorkspace(Boolean initializeAllCollections)
   at System.Data.Objects.ObjectContext.RetrieveMetadataWorkspaceFromConnection()
   at System.Data.Objects.ObjectContext..ctor(EntityConnection connection, Boolean isConnectionConstructor)
   at System.Data.Objects.ObjectContext..ctor(String connectionString)
   at System.Data.Objects.ObjectContext..ctor(String connectionString, String defaultContainerName)
   at HouseRepairMVC.Models.HouseConditionEntities..ctor() in F:\Semester 2\EAD\Mini-project\HouseRepairMVC\HouseRepairMVC\Models\HouseConditionModel.Designer.cs:line 34
   at HouseRepairMVC.Controllers.HouseConditionController..ctor() in F:\Semester 2\EAD\Mini-project\HouseRepairMVC\HouseRepairMVC\Controllers\HouseConditionController.cs:line 14
   at HousingConditionWebApp.Tests.Controllers.HouseConditionControllerIntegrationTests..ctor() in F:\Semester 2\EAD\Mini-project\HouseRepairMVC\HouseRepairMVC.Tests\Controllers\HouseConditionControllerIntegrationTests.cs:line 21
</StackTrace>
        </ErrorInfo>
      </Output>
    </UnitTestResult>
    <UnitTestResult executionId="19996774-7ca4-4c7e-8cca-cb81bb1b9b1f" testId="eaae5798-aba6-bcd2-3dfe-87dd4d4d6bed" testName="TestCreateRedirectIfModelValid" computerName="OKEEMAN" duration="00:00:00.0013749" startTime="2012-11-28T16:15:43.2430686+00:00" endTime="2012-11-28T16:15:43.2480689+00:00" testType="13cdc9d9-ddb5-4fa4-a97d-d965ccfc6d4b" outcome="Failed" testListId="8c84fa94-04c1-424b-9868-57a2d4851a1d" relativeResultsDirectory="19996774-7ca4-4c7e-8cca-cb81bb1b9b1f">
      <Output>
        <Exception>Exception has been thrown by the target of an invocation.</Exception>
        <ErrorInfo>
          <Message>Unable to create instance of class HousingConditionWebApp.Tests.Controllers.HouseConditionControllerIntegrationTests. Error: System.Data.MetadataException: Unable to load the specified metadata resource..</Message>
          <StackTrace>    at System.Data.Metadata.Edm.MetadataArtifactLoaderCompositeResource.LoadResources(String assemblyName, String resourceName, ICollection`1 uriRegistry, MetadataArtifactAssemblyResolver resolver)
   at System.Data.Metadata.Edm.MetadataArtifactLoaderCompositeResource..ctor(String originalPath, String assemblyName, String resourceName, ICollection`1 uriRegistry, MetadataArtifactAssemblyResolver resolver)
   at System.Data.Metadata.Edm.MetadataArtifactLoaderCompositeResource.CreateResourceLoader(String path, ExtensionCheck extensionCheck, String validExtension, ICollection`1 uriRegistry, MetadataArtifactAssemblyResolver resolver)
   at System.Data.Metadata.Edm.MetadataArtifactLoader.Create(String path, ExtensionCheck extensionCheck, String validExtension, ICollection`1 uriRegistry, MetadataArtifactAssemblyResolver resolver)
   at System.Data.Metadata.Edm.MetadataArtifactLoader.Create(String path, ExtensionCheck extensionCheck, String validExtension, ICollection`1 uriRegistry)
   at System.Data.Metadata.Edm.MetadataCache.SplitPaths(String paths)
   at System.Data.Common.Utils.Memoizer`2.&lt;&gt;c__DisplayClass2.&lt;Evaluate&gt;b__0()
   at System.Data.Common.Utils.Memoizer`2.Result.GetValue()
   at System.Data.Common.Utils.Memoizer`2.Evaluate(TArg arg)
   at System.Data.Metadata.Edm.MetadataCache.GetOrCreateMetdataArtifactLoader(String paths)
   at System.Data.EntityClient.EntityConnection.GetMetadataWorkspace(Boolean initializeAllCollections)
   at System.Data.Objects.ObjectContext.RetrieveMetadataWorkspaceFromConnection()
   at System.Data.Objects.ObjectContext..ctor(EntityConnection connection, Boolean isConnectionConstructor)
   at System.Data.Objects.ObjectContext..ctor(String connectionString)
   at System.Data.Objects.ObjectContext..ctor(String connectionString, String defaultContainerName)
   at HouseRepairMVC.Models.HouseConditionEntities..ctor() in F:\Semester 2\EAD\Mini-project\HouseRepairMVC\HouseRepairMVC\Models\HouseConditionModel.Designer.cs:line 34
   at HouseRepairMVC.Controllers.HouseConditionController..ctor() in F:\Semester 2\EAD\Mini-project\HouseRepairMVC\HouseRepairMVC\Controllers\HouseConditionController.cs:line 14
   at HousingConditionWebApp.Tests.Controllers.HouseConditionControllerIntegrationTests..ctor() in F:\Semester 2\EAD\Mini-project\HouseRepairMVC\HouseRepairMVC.Tests\Controllers\HouseConditionControllerIntegrationTests.cs:line 21
</StackTrace>
        </ErrorInfo>
      </Output>
    </UnitTestResult>
  </Results>
</TestRun>